curl.exe :   % Total    % Received % Xferd  Average Speed   Time    Time     Time  Current
At line:1 char:1
+ curl.exe -i http://localhost:5000/api/test > test_output.txt 2>&1
+ ~~~~~~~~~~~~~~~~~~~~~~~~~~~~~~~~~~~~~~~~~~~~~~~~~~~~~~~~~~~~~~~~~
    + CategoryInfo          : NotSpecified: (  % Total    % ...  Time  Current:String) [], RemoteException
    + FullyQualifiedErrorId : NativeCommandError
 
                                 Dload  Upload   Total   Spent    Left  Speed

  0     0    0     0    0     0      0      0 --:--:-- --:--:-- --:--:--     0
100  1508  100  1508    0     0   313k      0 --:--:-- --:--:-- --:--:--  368k
HTTP/1.1 404 Not Found
Content-Security-Policy: default-src 'self';base-uri 'self';font-src 'self' https: data:;form-action 'self';frame-ancestors 'self';img-src 'self' data:;object-src 'none';script-src 'self';script-src-attr 'none';style-src 'self' https: 'unsafe-inline';upgrade-insecure-requests
Cross-Origin-Opener-Policy: same-origin
Cross-Origin-Resource-Policy: same-origin
Origin-Agent-Cluster: ?1
Referrer-Policy: no-referrer
Strict-Transport-Security: max-age=15552000; includeSubDomains
X-Content-Type-Options: nosniff
X-DNS-Prefetch-Control: off
X-Download-Options: noopen
X-Frame-Options: SAMEORIGIN
X-Permitted-Cross-Domain-Policies: none
X-XSS-Protection: 0
Access-Control-Allow-Origin: http://192.168.1.15:3000
Vary: Origin, Accept-Encoding
Content-Type: application/json; charset=utf-8
Content-Length: 1508
ETag: W/"5e4-W9SaG9KfH16PUFhsYiBqk5NIkFg"
Date: Wed, 11 Mar 2026 06:25:24 GMT
Connection: keep-alive
Keep-Alive: timeout=5

{"success":false,"message":"Cannot find GET /api/test on this server","stack":"Error: Cannot find GET /api/test on this server\n    at notFound (C:\\Users\\jasmi\\Downloads\\CalTIMS-main\\CalTIMS-main\\backend\\src\\middleware\\error.middleware.js:26:8)\n    at Layer.handle [as handle_request] (C:\\Users\\jasmi\\Downloads\\CalTIMS-main\\CalTIMS-main\\backend\\node_modules\\express\\lib\\router\\layer.js:95:5)\n    at trim_prefix (C:\\Users\\jasmi\\Downloads\\CalTIMS-main\\CalTIMS-main\\backend\\node_modules\\express\\lib\\router\\index.js:328:13)\n    at C:\\Users\\jasmi\\Downloads\\CalTIMS-main\\CalTIMS-main\\backend\\node_modules\\express\\lib\\router\\index.js:286:9\n    at Function.process_params (C:\\Users\\jasmi\\Downloads\\CalTIMS-main\\CalTIMS-main\\backend\\node_modules\\express\\lib\\router\\index.js:346:12)\n    at next (C:\\Users\\jasmi\\Downloads\\CalTIMS-main\\CalTIMS-main\\backend\\node_modules\\express\\lib\\router\\index.js:280:10)\n    at logger (C:\\Users\\jasmi\\Downloads\\CalTIMS-main\\CalTIMS-main\\backend\\node_modules\\morgan\\index.js:144:5)\n    at Layer.handle [as handle_request] (C:\\Users\\jasmi\\Downloads\\CalTIMS-main\\CalTIMS-main\\backend\\node_modules\\express\\lib\\router\\layer.js:95:5)\n    at trim_prefix (C:\\Users\\jasmi\\Downloads\\CalTIMS-main\\CalTIMS-main\\backend\\node_modules\\express\\lib\\router\\index.js:328:13)\n    at C:\\Users\\jasmi\\Downloads\\CalTIMS-main\\CalTIMS-main\\backend\\node_modules\\express\\lib\\router\\index.js:286:9"}
